// Jest Snapshot v1, https://goo.gl/fbAQLP

exports[`ResultsScreen renders the three result cards for a fixed name and date 1`] = `
<View
  style={
    [
      {
        "flex": 1,
        "padding": 24,
      },
      {
        "backgroundColor": "#ffffff",
      },
    ]
  }
>
  <Text
    style={
      [
        {
          "fontSize": 22,
          "fontWeight": "800",
          "marginBottom": 4,
        },
        {
          "color": "#111111",
        },
      ]
    }
  >
    Your Numbers
  </Text>
  <Text
    style={
      [
        {
          "fontSize": 14,
          "marginBottom": 20,
        },
        {
          "color": "#555555",
        },
      ]
    }
  >
    For 
    ANNA
     · born 
    23/11/1980
  </Text>
  <View
    accessibilityLabel="Psychic number: 23/5. Adaptable, curious, and hungry for change.. Tap to show more."
    accessibilityRole="button"
    accessibilityState={
      {
        "busy": undefined,
        "checked": undefined,
        "disabled": undefined,
        "expanded": undefined,
        "selected": undefined,
      }
    }
    accessibilityValue={
      {
        "max": undefined,
        "min": undefined,
        "now": undefined,
        "text": undefined,
      }
    }
    accessible={true}
    collapsable={false}
    focusable={true}
    onBlur={[Function]}
    onClick={[Function]}
    onFocus={[Function]}
    onResponderGrant={[Function]}
    onResponderMove={[Function]}
    onResponderRelease={[Function]}
    onResponderTerminate={[Function]}
    onResponderTerminationRequest={[Function]}
    onStartShouldSetResponder={[Function]}
    testID="psychic-card"
  >
    <View
      style={
        [
          {
            "borderRadius": 12,
            "borderWidth": 1,
            "marginBottom": 12,
            "padding": 16,
          },
          {
            "backgroundColor": "#ffffff",
            "borderColor": "#dddddd",
          },
        ]
      }
    >
      <View
        style={
          {
            "alignItems": "center",
            "flexDirection": "row",
            "justifyContent": "space-between",
          }
        }
      >
        <Text
          style={
            [
              {
                "fontSize": 14,
                "fontWeight": "600",
                "marginBottom": 4,
              },
              {
                "color": "#555555",
              },
            ]
          }
        >
          Psychic
        </Text>
        <Text
          style={
            [
              {
                "fontSize": 16,
                "fontWeight": "700",
              },
              {
                "color": "#555555",
              },
            ]
          }
        >
          ⌄
        </Text>
      </View>
      <Text
        style={
          [
            {
              "fontSize": 28,
              "fontWeight": "700",
            },
            {
              "color": "#111111",
            },
          ]
        }
      >
        23/5
      </Text>
      <Text
        style={
          [
            {
              "fontSize": 14,
              "marginTop": 8,
            },
            {
              "color": "#111111",
            },
          ]
        }
      >
        Adaptable, curious, and hungry for change.
      </Text>
    </View>
  </View>
  <View
    accessibilityLabel="Destiny number: 25/7. Reflective, analytical, and drawn inward.. Tap to show more."
    accessibilityRole="button"
    accessibilityState={
      {
        "busy": undefined,
        "checked": undefined,
        "disabled": undefined,
        "expanded": undefined,
        "selected": undefined,
      }
    }
    accessibilityValue={
      {
        "max": undefined,
        "min": undefined,
        "now": undefined,
        "text": undefined,
      }
    }
    accessible={true}
    collapsable={false}
    focusable={true}
    onBlur={[Function]}
    onClick={[Function]}
    onFocus={[Function]}
    onResponderGrant={[Function]}
    onResponderMove={[Function]}
    onResponderRelease={[Function]}
    onResponderTerminate={[Function]}
    onResponderTerminationRequest={[Function]}
    onStartShouldSetResponder={[Function]}
    testID="destiny-card"
  >
    <View
      style={
        [
          {
            "borderRadius": 12,
            "borderWidth": 1,
            "marginBottom": 12,
            "padding": 16,
          },
          {
            "backgroundColor": "#ffffff",
            "borderColor": "#dddddd",
          },
        ]
      }
    >
      <View
        style={
          {
            "alignItems": "center",
            "flexDirection": "row",
            "justifyContent": "space-between",
          }
        }
      >
        <Text
          style={
            [
              {
                "fontSize": 14,
                "fontWeight": "600",
                "marginBottom": 4,
              },
              {
                "color": "#555555",
              },
            ]
          }
        >
          Destiny
        </Text>
        <Text
          style={
            [
              {
                "fontSize": 16,
                "fontWeight": "700",
              },
              {
                "color": "#555555",
              },
            ]
          }
        >
          ⌄
        </Text>
      </View>
      <Text
        style={
          [
            {
              "fontSize": 28,
              "fontWeight": "700",
            },
            {
              "color": "#111111",
            },
          ]
        }
      >
        25/7
      </Text>
      <Text
        style={
          [
            {
              "fontSize": 14,
              "marginTop": 8,
            },
            {
              "color": "#111111",
            },
          ]
        }
      >
        Reflective, analytical, and drawn inward.
      </Text>
    </View>
  </View>
  <View
    accessibilityLabel="Name number: 12/3. Expressive, creative, and drawn to being heard.. Tap to show more."
    accessibilityRole="button"
    accessibilityState={
      {
        "busy": undefined,
        "checked": undefined,
        "disabled": undefined,
        "expanded": undefined,
        "selected": undefined,
      }
    }
    accessibilityValue={
      {
        "max": undefined,
        "min": undefined,
        "now": undefined,
        "text": undefined,
      }
    }
    accessible={true}
    collapsable={false}
    focusable={true}
    onBlur={[Function]}
    onClick={[Function]}
    onFocus={[Function]}
    onResponderGrant={[Function]}
    onResponderMove={[Function]}
    onResponderRelease={[Function]}
    onResponderTerminate={[Function]}
    onResponderTerminationRequest={[Function]}
    onStartShouldSetResponder={[Function]}
    testID="name-card"
  >
    <View
      style={
        [
          {
            "borderRadius": 12,
            "borderWidth": 1,
            "marginBottom": 12,
            "padding": 16,
          },
          {
            "backgroundColor": "#ffffff",
            "borderColor": "#dddddd",
          },
        ]
      }
    >
      <View
        style={
          {
            "alignItems": "center",
            "flexDirection": "row",
            "justifyContent": "space-between",
          }
        }
      >
        <Text
          style={
            [
              {
                "fontSize": 14,
                "fontWeight": "600",
                "marginBottom": 4,
              },
              {
                "color": "#555555",
              },
            ]
          }
        >
          Name
        </Text>
        <Text
          style={
            [
              {
                "fontSize": 16,
                "fontWeight": "700",
              },
              {
                "color": "#555555",
              },
            ]
          }
        >
          ⌄
        </Text>
      </View>
      <Text
        style={
          [
            {
              "fontSize": 28,
              "fontWeight": "700",
            },
            {
              "color": "#111111",
            },
          ]
        }
      >
        12/3
      </Text>
      <Text
        style={
          [
            {
              "fontSize": 14,
              "marginTop": 8,
            },
            {
              "color": "#111111",
            },
          ]
        }
      >
        Expressive, creative, and drawn to being heard.
      </Text>
    </View>
  </View>
  <View
    accessibilityLabel="Calculate again"
    accessibilityRole="button"
    accessibilityState={
      {
        "busy": undefined,
        "checked": undefined,
        "disabled": undefined,
        "expanded": undefined,
        "selected": undefined,
      }
    }
    accessibilityValue={
      {
        "max": undefined,
        "min": undefined,
        "now": undefined,
        "text": undefined,
      }
    }
    accessible={true}
    collapsable={false}
    focusable={true}
    onBlur={[Function]}
    onClick={[Function]}
    onFocus={[Function]}
    onResponderGrant={[Function]}
    onResponderMove={[Function]}
    onResponderRelease={[Function]}
    onResponderTerminate={[Function]}
    onResponderTerminationRequest={[Function]}
    onStartShouldSetResponder={[Function]}
    style={
      [
        {
          "alignItems": "center",
          "borderRadius": 8,
          "marginTop": 12,
          "padding": 14,
        },
        {
          "backgroundColor": "#dddddd",
        },
      ]
    }
    testID="calculate-again-button"
  >
    <Text
      style={
        [
          {
            "fontSize": 16,
            "fontWeight": "600",
          },
          {
            "color": "#111111",
          },
        ]
      }
    >
      Calculate again
    </Text>
  </View>
</View>
`;
